// Jest Snapshot v1, https://goo.gl/fbAQLP

exports[`<Header /> renders without crashing given the required props 1`] = `
<Fragment>
  <NavBar />
</Fragment>
`;
