// Jest Snapshot v1, https://goo.gl/fbAQLP

exports[`<Panel /> renders without crashing given the required props 1`] = `
<Route>
  <Component />
</Route>
`;
