// Jest Snapshot v1, https://goo.gl/fbAQLP

exports[`<Layout /> renders without crashing given the required props 1`] = `
<Fragment>
  <Header />
  <Component />
</Fragment>
`;
